mode: set
test/utils.go:7.32,9.2 1 1
test/generated.go:14.34,18.2 3 0
test/generated.go:20.44,24.2 3 1
test/generated.go:26.31,30.2 3 0
test/generated.go:37.36,41.2 3 0
test/generated.go:43.46,47.2 3 1
test/generated.go:49.33,53.2 3 0
test/generated.go:60.29,64.2 3 0
test/generated.go:66.39,70.2 3 1
test/generated.go:72.26,76.2 3 0
test/generated.go:82.31,85.2 2 0
test/generated.go:87.41,90.2 2 1
test/generated.go:92.28,95.2 2 0
test/generated.go:98.33,103.2 4 1
test/generated.go:105.43,110.2 4 0
test/generated.go:112.30,117.2 4 1
test/generated.go:120.32,129.2 8 1
test/generated.go:131.42,140.2 8 1
test/generated.go:142.29,151.2 8 1
test/generated.go:163.51,164.19 1 0
test/generated.go:165.13,166.12 1 0
test/generated.go:167.13,168.12 1 0
test/generated.go:169.13,170.12 1 0
test/generated.go:171.13,172.12 1 0
test/generated.go:173.13,174.12 1 0
test/generated.go:175.10,176.28 1 0
test/generated.go:180.58,184.2 3 1
test/generated.go:186.59,187.15 1 1
test/generated.go:188.10,189.15 1 1
test/generated.go:190.10,191.15 1 1
test/generated.go:192.10,193.15 1 1
test/generated.go:194.10,195.15 1 1
test/generated.go:196.10,197.15 1 1
test/generated.go:198.11,199.31 1 0
test/generated.go:203.62,204.15 1 1
test/generated.go:205.9,206.20 1 1
test/generated.go:207.9,208.27 1 1
test/generated.go:209.9,210.27 1 1
test/generated.go:211.9,212.21 1 1
test/generated.go:213.9,214.28 1 1
test/generated.go:215.10,216.25 1 0
test/generated.go:220.38,222.2 1 1
test/generated.go:228.59,230.2 1 1
test/generated.go:232.74,234.16 2 1
test/generated.go:237.2,237.27 1 1
test/generated.go:234.16,236.3 1 0
test/generated.go:240.69,243.2 2 1
test/generated.go:245.83,247.2 1 0
test/generated.go:249.80,251.28 2 1
test/generated.go:256.2,257.31 2 1
test/generated.go:262.2,264.92 3 1
test/generated.go:267.2,276.25 10 1
test/generated.go:251.28,253.3 1 0
test/generated.go:253.8,255.3 1 1
test/generated.go:257.31,259.57 1 0
test/generated.go:264.92,266.3 1 0
test/generated.go:278.63,280.2 1 1
test/generated.go:281.64,283.2 1 1
test/generated.go:284.64,286.2 1 1
test/generated.go:287.68,289.2 1 1
test/generated.go:290.69,292.2 1 1
test/generated.go:299.52,300.19 1 0
test/generated.go:301.10,302.28 1 0
test/generated.go:306.59,310.2 3 0
test/generated.go:312.60,313.15 1 0
test/generated.go:314.11,315.31 1 0
test/generated.go:319.63,320.15 1 0
test/generated.go:321.10,322.25 1 0
test/generated.go:326.39,328.2 1 1
test/generated.go:334.61,336.2 1 1
test/generated.go:338.76,340.16 2 0
test/generated.go:343.2,343.28 1 0
test/generated.go:340.16,342.3 1 0
test/generated.go:346.71,349.2 2 0
test/generated.go:351.85,353.2 1 0
test/generated.go:355.82,357.28 2 1
test/generated.go:362.2,363.31 2 1
test/generated.go:368.2,370.92 3 1
test/generated.go:373.2,377.26 5 1
test/generated.go:357.28,359.3 1 1
test/generated.go:359.8,361.3 1 0
test/generated.go:363.31,365.57 1 0
test/generated.go:370.92,372.3 1 0
test/generated.go:382.14,383.11 1 0
test/generated.go:383.11,388.3 4 0
test/generated.go:391.13,394.2 2 0
test/generated.go:396.64,402.21 5 1
test/generated.go:405.2,408.11 2 1
test/generated.go:412.5,412.34 1 1
test/generated.go:432.5,432.34 1 1
test/generated.go:402.21,404.3 1 0
test/generated.go:408.11,410.3 1 0
test/generated.go:412.34,413.25 1 1
test/generated.go:414.43,417.38 3 1
test/generated.go:418.43,421.40 3 1
test/generated.go:422.42,425.33 3 1
test/generated.go:426.43,429.29 3 1
test/generated.go:432.34,433.25 1 0
test/main.go:25.72,31.2 1 1
test/main.go:34.42,42.2 2 1
test/main.go:45.44,47.2 1 1
test/main.go:50.37,54.15 4 1
test/main.go:54.15,59.3 4 0
test/main.go:59.8,66.3 3 1
test/main.go:69.44,101.2 27 1
test/main.go:104.28,107.2 3 1
test/main.go:107.2,152.3 38 1
test/main.go:154.2,180.3 20 1
test/main.go:182.2,208.3 20 1
test/main.go:210.2,236.3 20 1
test/main.go:238.2,264.3 20 1
test/main.go:266.2,292.3 20 1
test/main.go:299.2,308.3 8 1
test/main.go:310.2,319.3 8 1
test/main.go:321.2,330.3 8 1
test/main.go:332.2,341.3 8 1
test/main.go:342.2,351.3 8 1
test/main.go:353.2,371.3 12 1
